
> antigravity-coaching-system@0.0.0 build
> tsc && vite build

[36mvite v5.4.21 [32mbuilding for production...[36m[39m
transforming...
[32mG£ô[39m 42 modules transformed.
rendering chunks...
computing gzip size...
[2mdist/[22m[32mindex.html                [39m[1m[2m  0.41 kB[22m[1m[22m[2m Göé gzip:  0.29 kB[22m
[2mdist/[22m[36massets/index-Btoq-9kG.js  [39m[1m[2m168.60 kB[22m[1m[22m[2m Göé gzip: 52.21 kB[22m
[32mG£ô built in 872ms[39m
