src/services/dataService.ts(37,9): error TS2322: Type '"Peak"' is not assignable to type 'TrainingPhase'.
src/shared/ui/Badge.tsx(1,6): error TS6196: 'BadgeType' is declared but never used.
